  main.cpp
C:\Users\atind\OneDrive\Desktop\1_AdamCode-AlppaCentauri_O\1.PracticeWithAI\1.OppieCPP\2.0OpiFinalC++\2.38Opi1PsByRfPintrsFinal\2.38Opi1PsByRfPintrsFinal\main.cpp(42,7): error C2143: syntax error: missing ';' before '<<'
C:\Users\atind\OneDrive\Desktop\1_AdamCode-AlppaCentauri_O\1.PracticeWithAI\1.OppieCPP\2.0OpiFinalC++\2.38Opi1PsByRfPintrsFinal\2.38Opi1PsByRfPintrsFinal\main.cpp(42,2): error C4430: missing type specifier - int assumed. Note: C++ does not support default-int
C:\Users\atind\OneDrive\Desktop\1_AdamCode-AlppaCentauri_O\1.PracticeWithAI\1.OppieCPP\2.0OpiFinalC++\2.38Opi1PsByRfPintrsFinal\2.38Opi1PsByRfPintrsFinal\main.cpp(42,7): error C2059: syntax error: '<<'
C:\Users\atind\OneDrive\Desktop\1_AdamCode-AlppaCentauri_O\1.PracticeWithAI\1.OppieCPP\2.0OpiFinalC++\2.38Opi1PsByRfPintrsFinal\2.38Opi1PsByRfPintrsFinal\main.cpp(43,7): error C2143: syntax error: missing ';' before '<<'
C:\Users\atind\OneDrive\Desktop\1_AdamCode-AlppaCentauri_O\1.PracticeWithAI\1.OppieCPP\2.0OpiFinalC++\2.38Opi1PsByRfPintrsFinal\2.38Opi1PsByRfPintrsFinal\main.cpp(43,2): error C4430: missing type specifier - int assumed. Note: C++ does not support default-int
C:\Users\atind\OneDrive\Desktop\1_AdamCode-AlppaCentauri_O\1.PracticeWithAI\1.OppieCPP\2.0OpiFinalC++\2.38Opi1PsByRfPintrsFinal\2.38Opi1PsByRfPintrsFinal\main.cpp(43,2): error C2086: 'int cout': redefinition
      C:\Users\atind\OneDrive\Desktop\1_AdamCode-AlppaCentauri_O\1.PracticeWithAI\1.OppieCPP\2.0OpiFinalC++\2.38Opi1PsByRfPintrsFinal\2.38Opi1PsByRfPintrsFinal\main.cpp(42,2):
      see declaration of 'cout'
  
C:\Users\atind\OneDrive\Desktop\1_AdamCode-AlppaCentauri_O\1.PracticeWithAI\1.OppieCPP\2.0OpiFinalC++\2.38Opi1PsByRfPintrsFinal\2.38Opi1PsByRfPintrsFinal\main.cpp(43,7): error C2059: syntax error: '<<'
C:\Users\atind\OneDrive\Desktop\1_AdamCode-AlppaCentauri_O\1.PracticeWithAI\1.OppieCPP\2.0OpiFinalC++\2.38Opi1PsByRfPintrsFinal\2.38Opi1PsByRfPintrsFinal\main.cpp(54,6): error C2143: syntax error: missing ';' before '<<'
C:\Users\atind\OneDrive\Desktop\1_AdamCode-AlppaCentauri_O\1.PracticeWithAI\1.OppieCPP\2.0OpiFinalC++\2.38Opi1PsByRfPintrsFinal\2.38Opi1PsByRfPintrsFinal\main.cpp(54,1): error C4430: missing type specifier - int assumed. Note: C++ does not support default-int
C:\Users\atind\OneDrive\Desktop\1_AdamCode-AlppaCentauri_O\1.PracticeWithAI\1.OppieCPP\2.0OpiFinalC++\2.38Opi1PsByRfPintrsFinal\2.38Opi1PsByRfPintrsFinal\main.cpp(54,1): error C2086: 'int cout': redefinition
      C:\Users\atind\OneDrive\Desktop\1_AdamCode-AlppaCentauri_O\1.PracticeWithAI\1.OppieCPP\2.0OpiFinalC++\2.38Opi1PsByRfPintrsFinal\2.38Opi1PsByRfPintrsFinal\main.cpp(42,2):
      see declaration of 'cout'
  
C:\Users\atind\OneDrive\Desktop\1_AdamCode-AlppaCentauri_O\1.PracticeWithAI\1.OppieCPP\2.0OpiFinalC++\2.38Opi1PsByRfPintrsFinal\2.38Opi1PsByRfPintrsFinal\main.cpp(54,6): error C2059: syntax error: '<<'
C:\Users\atind\OneDrive\Desktop\1_AdamCode-AlppaCentauri_O\1.PracticeWithAI\1.OppieCPP\2.0OpiFinalC++\2.38Opi1PsByRfPintrsFinal\2.38Opi1PsByRfPintrsFinal\main.cpp(55,6): error C2143: syntax error: missing ';' before '<<'
C:\Users\atind\OneDrive\Desktop\1_AdamCode-AlppaCentauri_O\1.PracticeWithAI\1.OppieCPP\2.0OpiFinalC++\2.38Opi1PsByRfPintrsFinal\2.38Opi1PsByRfPintrsFinal\main.cpp(55,1): error C4430: missing type specifier - int assumed. Note: C++ does not support default-int
C:\Users\atind\OneDrive\Desktop\1_AdamCode-AlppaCentauri_O\1.PracticeWithAI\1.OppieCPP\2.0OpiFinalC++\2.38Opi1PsByRfPintrsFinal\2.38Opi1PsByRfPintrsFinal\main.cpp(55,1): error C2086: 'int cout': redefinition
      C:\Users\atind\OneDrive\Desktop\1_AdamCode-AlppaCentauri_O\1.PracticeWithAI\1.OppieCPP\2.0OpiFinalC++\2.38Opi1PsByRfPintrsFinal\2.38Opi1PsByRfPintrsFinal\main.cpp(42,2):
      see declaration of 'cout'
  
C:\Users\atind\OneDrive\Desktop\1_AdamCode-AlppaCentauri_O\1.PracticeWithAI\1.OppieCPP\2.0OpiFinalC++\2.38Opi1PsByRfPintrsFinal\2.38Opi1PsByRfPintrsFinal\main.cpp(55,6): error C2059: syntax error: '<<'
C:\Users\atind\OneDrive\Desktop\1_AdamCode-AlppaCentauri_O\1.PracticeWithAI\1.OppieCPP\2.0OpiFinalC++\2.38Opi1PsByRfPintrsFinal\2.38Opi1PsByRfPintrsFinal\main.cpp(56,6): error C2143: syntax error: missing ';' before '<<'
C:\Users\atind\OneDrive\Desktop\1_AdamCode-AlppaCentauri_O\1.PracticeWithAI\1.OppieCPP\2.0OpiFinalC++\2.38Opi1PsByRfPintrsFinal\2.38Opi1PsByRfPintrsFinal\main.cpp(56,1): error C4430: missing type specifier - int assumed. Note: C++ does not support default-int
C:\Users\atind\OneDrive\Desktop\1_AdamCode-AlppaCentauri_O\1.PracticeWithAI\1.OppieCPP\2.0OpiFinalC++\2.38Opi1PsByRfPintrsFinal\2.38Opi1PsByRfPintrsFinal\main.cpp(56,1): error C2086: 'int cout': redefinition
      C:\Users\atind\OneDrive\Desktop\1_AdamCode-AlppaCentauri_O\1.PracticeWithAI\1.OppieCPP\2.0OpiFinalC++\2.38Opi1PsByRfPintrsFinal\2.38Opi1PsByRfPintrsFinal\main.cpp(42,2):
      see declaration of 'cout'
  
C:\Users\atind\OneDrive\Desktop\1_AdamCode-AlppaCentauri_O\1.PracticeWithAI\1.OppieCPP\2.0OpiFinalC++\2.38Opi1PsByRfPintrsFinal\2.38Opi1PsByRfPintrsFinal\main.cpp(56,6): error C2059: syntax error: '<<'
